/temps/4IF10.html (2 hits)
/temps/4IF2.html (2 hits)
/temps/4IF3.html (2 hits)
/temps/4IF4.html (2 hits)
/temps/4IF5.jpg (2 hits)
/temps/4IF6.html (2 hits)
/temps/4IF7.html (2 hits)
/temps/4IF8.gif (2 hits)
/temps/4IF9.html (2 hits)
/temps/4IF11.js (1 hits)
/temps/InsaIF.ico (1 hits)
