[LOG] erreur de remplissage, il reste: GET /temps/4IF1.html HTTP/1.1" 200 12104 "http://intranet-if.insa-lyon.f0 (Windows NT 6.1; WOW64; rv:14.0) Gecko/20100101 Firefox/14.0.1"
[LOG] erreur de remplissage, il reste: GET /temps/4IF1.html HTTP/1.1" 200 12104 "http://intranet-if.insa-lyon.f0 (Windows NT 6.1; WOW64; rv:14.0) Gecko/20100101 Firefox/14.0.1"
[LOG] erreur de remplissage, il reste: GET /temps/4IF3.html HTTP/1.1" 200 yon.fr/temps/4IF15.html" "Mozilla/5.0 (Windows NT 6.1; WOW64; rv:14.0) Gecko/20100101 Firefox/14.0.1"
[LOG] erreur de remplissage, il reste: GET /temps/4IF3.html HTTP/1.1" 200 yon.fr/temps/4IF15.html" "Mozilla/5.0 (Windows NT 6.1; WOW64; rv:14.0) Gecko/20100101 Firefox/14.0.1"
Log invalide : 192
