/temps/4IF1.html (4 hits)
/temps/4IF10.html (2 hits)
/temps/4IF2.html (2 hits)
/temps/4IF3.html (2 hits)
/temps/4IF4.html (2 hits)
/temps/4IF6.html (2 hits)
/temps/4IF7.html (2 hits)
/temps/ (1 hits)
/temps/4IF9.html (1 hits)
