/temps/4IF2.html (2 hits)
/temps/4IF3.html (1 hits)
